python : INFO:__main_
_:Starting 
integration test for 
user: 
test_user_d11d8a0d
At line:1 char:1
+ python -m tests.tes
t_gamified_rag > 
test_output.txt 
2>&1; cat test_ou ...
+ ~~~~~~~~~~~~~~~~~~~
~~~~~~~~~~~~~~~~~~~~~
~~~~~~~~~~~~~~~~
    + CategoryInfo   
           : NotSpe  
  cified: (INFO:__   
 main__:S...t_use    
r_d11d8a0d:Strin    
g) [], RemoteExc    
eption
    + FullyQualified 
   ErrorId : Native  
  CommandError
 
INFO:__main__:Initial
 Profile: 
{'user_id': 'test_use
r_d11d8a0d', 
'points_total': 0, 
'level': 1}
INFO:__main__:Created
 Subagent ID: 0
INFO:__main__:Profile
 after creation 
(expected +50): 
{'user_id': 'test_use
r_d11d8a0d', 
'points_total': 0, 
'level': 1}
INFO:__main__:Testing
 Smart Answer with 
query: Can you 
summarize Module 1 
Chapter 1 for me?
INFO:__main__:AI 
Response: To give 
you an accurate 
summary, I need to 
know **what course 
or subject** "Module 
1 Chapter 1" refers 
to.

It could be anything 
from Calculus, 
History, Computer 
Programming, 
Business Ethics, or 
a specific internal 
company training.

**Please tell me the 
name of the course 
or subject 
material.**

Once you provide 
that context, I can 
summarize "Module 1 
Chapter 1" for you.
INFO:__main__:Profile
 after skill use 
(expected +5): 
{'user_id': 'test_use
r_d11d8a0d', 
'points_total': 0, 
'level': 1}
