Status Code: 500
Response: {
  "detail": "Failed to process chat request: Unexpected Response: 400 (Bad Request)\nRaw response content:\nb'{\"status\":{\"error\":\"Bad request: Index required but not found for \\\\\"module\\\\\" of one of the following types: [keyword]. Help: Create an index for this key or use a different filter.\"},\"time\":0.00003 ...'"
}
